BEGIN
Pager usage is off.
       status        | requests | with_paid_event | frozen_after_86 | unquotable_payment_stage | oldest_update | newest_update 
---------------------+----------+-----------------+-----------------+--------------------------+---------------+---------------
 cancelled           |       17 |               0 |               0 |                        0 | 2026-10-01    | 2026-10-01
 closed              |        2 |               2 |               2 |                        0 | 2026-10-01    | 2026-10-01
 delivered           |        1 |               1 |               1 |                        0 | 2026-10-01    | 2026-10-01
 paid                |       11 |              11 |              11 |                        0 | 2026-10-01    | 2026-10-01
 payment_pending     |        3 |               0 |               0 |                        3 | 2026-10-01    | 2026-10-01
 payment_review      |       10 |               1 |               1 |                       10 | 2026-10-01    | 2026-10-01
 reviewing           |       13 |               0 |               0 |                        0 | 2026-10-01    | 2026-10-01
 shipped             |        1 |               1 |               1 |                        0 | 2026-10-01    | 2026-10-01
 submitted           |        1 |               0 |               0 |                        0 | 2026-10-01    | 2026-10-01
 supplier_processing |        5 |               4 |               5 |                        0 | 2026-10-01    | 2026-10-01
(10 rows)

       status        | held_without_verification 
---------------------+---------------------------
 closed              |                         1
 delivered           |                         1
 paid                |                         2
 payment_review      |                         1
 shipped             |                         1
 supplier_processing |                         4
(6 rows)

 method | observations | without_observer_uuid | unverified | requests_blocked_from_cancel 
--------+--------------+-----------------------+------------+------------------------------
 manual |           20 |                     0 |          9 |                           18
(1 row)

 payment_stage_without_accepted_quote 
--------------------------------------
                                    5
(1 row)

ROLLBACK
