915a535 targeted cases (same substitutions as the successor probe)
CASE {"case":"A-paid historical paid without verification","result":{"start":"paid","forwardHttp":"supplier_processing: 409 payment_verification_not_ready","forwardSql":"REFUSED ASSISTED_ORDER_HISTORICAL_PAID_UNRESOLVED","cancelHttp":"409 payment_verification_not_ready","finalStatus":"paid"}}
CASE {"case":"A-supplier_processing historical supplier_processing without verification","result":{"start":"supplier_processing","forwardHttp":"shipped: 409 payment_verification_not_ready","forwardSql":"REFUSED ASSISTED_ORDER_HISTORICAL_PAID_UNRESOLVED","cancelHttp":"409 payment_verification_not_ready","finalStatus":"supplier_processing"}}
CASE {"case":"A-shipped historical shipped without verification","result":{"start":"shipped","forwardHttp":"delivered: 409 payment_verification_not_ready","forwardSql":"REFUSED ASSISTED_ORDER_HISTORICAL_PAID_UNRESOLVED","cancelHttp":"409 payment_verification_not_ready","finalStatus":"shipped"}}
CASE {"case":"A-delivered historical delivered without verification","result":{"start":"delivered","forwardHttp":"closed: 409 payment_verification_not_ready","forwardSql":"REFUSED ASSISTED_ORDER_HISTORICAL_PAID_UNRESOLVED","cancelHttp":"409 payment_verification_not_ready","finalStatus":"delivered"}}
CASE {"case":"A-closed historical closed without verification","result":{"start":"closed","cancelHttp":"409 payment_verification_not_ready","finalStatus":"closed"}}
CASE {"case":"A-lost-events supplier_processing with NO events, forward","result":{"http":"409 payment_verification_not_ready","sql":"REFUSED ASSISTED_ORDER_HISTORICAL_PAID_UNRESOLVED"}}
CASE {"case":"A-regressed payment_review label with a prior paid event","result":{"backToPending":"409 payment_verification_not_ready","cancel":"409 payment_verification_not_ready","sqlBack":"REFUSED ASSISTED_ORDER_HISTORICAL_PAID_UNRESOLVED"}}
CASE {"case":"B-F7 verified order at shipped","result":{"assistedOrderPage":{"status":"shipped","paymentVerified":true,"current":"[non-financial:shipped]","paidTimelineEntry":"Payment verified","actionRequiredShown":null},"statusRecovery":{"current":"Shipped","timeline":["submitted","reviewing","Payment step paused","Payment review","Payment verified","supplier_processing","shipped"]},"notification":"Payment verified. Fulfillment is reviewed separately."}}
CASE {"case":"B verified paid -> supplier_processing -> shipped -> delivered -> closed (HTTP)","result":{"verify":200,"steps":{"supplier_processing":"200","shipped":"200","delivered":"200","closed":"200"},"finalStatus":"closed"}}
CASE {"case":"B-F7 verified order at closed","result":{"assistedOrderPage":{"status":"closed","paymentVerified":true,"current":"[non-financial:closed]","paidTimelineEntry":"Payment verified","actionRequiredShown":null},"statusRecovery":{"current":"Closed","timeline":["submitted","reviewing","Payment step paused","Payment review","Payment verified","supplier_processing","shipped","delivered","closed"]},"notification":"Payment verified. Fulfillment is reviewed separately."}}
CASE {"case":"C quote snapshot immutability (owner role via psql, service_role via PostgREST)","result":{"issuedTotal":"ERR ERROR:  Quote economics, identity and line snapshots are immutable | DETAIL:  ASSISTED_ORDER_QUOTE_IMMUTABLE","issuedSupersedeWithAcceptance":"ERR ERROR:  Quote economics, identity and line snapshots are immutable | DETAIL:  ASSISTED_ORDER_QUOTE_IMMUTABLE","issuedDelete":"ERR ERROR:  Quote snapshots cannot be deleted or truncated | DETAIL:  ASSISTED_ORDER_QUOTE_IMMUTABLE","accept":200,"acceptedTotal":"ERR ERROR:  Quote economics, identity and line snapshots are immutable | DETAIL:  ASSISTED_ORDER_QUOTE_IMMUTABLE","acceptedToSuperseded":"ERR ERROR:  Quote economics, identity and line snapshots are immutable | DETAIL:  ASSISTED_ORDER_QUOTE_IMMUTABLE","acceptedAcceptedAt":"ERR ERROR:  Quote economics, identity and line snapshots are immutable | DETAIL:  ASSISTED_ORDER_QUOTE_IMMUTABLE","acceptedDelete":"ERR ERROR:  Quote snapshots cannot be deleted or truncated | DETAIL:  ASSISTED_ORDER_QUOTE_IMMUTABLE","serviceRoleUpdate":"42501","serviceRoleDelete":"42501","reissueAfterAcceptance":"409 financial_action_refused","quoteRowAfter":"accepted total=10000 acceptance=true"}}
CASE {"case":"C2 legitimate re-issue supersedes v1 (issued -> superseded still allowed)","result":{"v2":[201,2],"states":"1:superseded,2:issued"}}
CASE {"case":"C3/SQL-13 accept an issued quote on a CANCELLED request","result":{"http":[409,"financial_action_refused"],"sql":"REFUSED ASSISTED_ORDER_QUOTE_ACCEPTANCE_CLOSED","quoteState":"issued"}}
CASE {"case":"D accept vs cancel concurrent x8","result":{"outcomes":[{"accept":409,"cancel":200,"request":"cancelled","quote":"issued","acceptedBeforeCancel":null},{"accept":200,"cancel":200,"request":"cancelled","quote":"accepted","acceptedBeforeCancel":true},{"accept":200,"cancel":200,"request":"cancelled","quote":"accepted","acceptedBeforeCancel":true},{"accept":200,"cancel":200,"request":"cancelled","quote":"accepted","acceptedBeforeCancel":true},{"accept":200,"cancel":200,"request":"cancelled","quote":"accepted","acceptedBeforeCancel":true},{"accept":200,"cancel":200,"request":"cancelled","quote":"accepted","acceptedBeforeCancel":true},{"accept":409,"cancel":200,"request":"cancelled","quote":"issued","acceptedBeforeCancel":null},{"accept":200,"cancel":200,"request":"cancelled","quote":"accepted","acceptedBeforeCancel":true}],"anyAcceptedAfterCancelCommit":false}}
CASE {"case":"E/HIST-02 first quote for an existing payment_pending order","result":{"status":409,"code":"financial_action_refused","requestStatus":"payment_pending"}}
CASE {"case":"E/HIST-02 first quote for an existing payment_review order","result":{"status":409,"code":"financial_action_refused","requestStatus":"payment_review"}}
CASE {"case":"F/F4 effects interrupted then observer grant revoked","result":{"first":[503,"payment_verification_effects_pending"],"retryRevoked":[403,"forbidden"],"retryOtherAdmin":[403,"forbidden"],"requestStatus":"paid","effects":{"outbox":0,"audit":1,"message":null},"durableObligationTables":"none"}}
CASE {"case":"G/ROLL-06 cancel payment_pending when financial_state is absent","result":{"status":409,"code":"payment_verification_not_ready","requestStatus":"payment_pending"}}
CASE {"case":"H1 owner TRUNCATE quotes","result":"ERR ERROR:  cannot truncate a table referenced in a foreign key constraint | DETAIL:  Table \"research_assisted_order_payment_observations\" references \"research_assisted_order_quotes\"."}
CASE {"case":"H2 owner TRUNCATE requests CASCADE","result":"ERR ERROR:  Quote snapshots cannot be deleted or truncated | DETAIL:  ASSISTED_ORDER_QUOTE_IMMUTABLE"}
CASE {"case":"H3 quote rows still present","result":"32"}
CASE {"case":"Z rollback delta","result":35}
