SUBSTITUTIONS ["requireSupabaseAdmin -> header stand-in stamping adminAuthUserId","member auth -> header stand-in","manual ledger authority -> SYNTHETIC ledger (production composes null)","outbox/audit -> in-memory sinks with production dedupe semantics + one-shot failure injection","verifier grants inserted directly in SQL (no grant route exists)","gateway REAL, non-public mode, no review cookie/bearer"]
CASE {"case":"S1 admin issues quote","result":{"status":201,"total":10000,"version":1}}
CASE {"case":"S2/F10 owner GET quote via real gateway (non-public)","result":{"status":200,"code":null,"total":10000}}
CASE {"case":"S2b/F10 status-token holder GET quote via gateway","result":{"status":200,"code":null}}
CASE {"case":"S3/F10 owner POST accept via gateway","result":{"status":200,"code":null,"acceptanceId":true,"replayed":false}}
CASE {"case":"F7-a payment_review, no observation","result":{"assistedOrderPage":{"status":"payment_review","paymentVerified":"(absent)","current":"Payment review","paidTimelineEntry":null,"actionRequiredShown":null},"statusRecovery":{"current":"Payment review","timeline":["submitted","reviewing","Payment step paused","Payment review"]},"notification":null}}
CASE {"case":"S4 granted admin records manual observation","result":{"status":201,"replayed":false}}
CASE {"case":"F7-b payment_review, unverified observation","result":{"assistedOrderPage":{"status":"payment_review","paymentVerified":"(absent)","current":"Payment review","paidTimelineEntry":null,"actionRequiredShown":null},"statusRecovery":{"current":"Payment review","timeline":["submitted","reviewing","Payment step paused","Payment review"]},"notification":null}}
CASE {"case":"S5/F4 verify -> paid","result":{"status":200,"state":"paid","replayed":false,"requestStatus":"paid","verifications_paidEvents":"1/1","effects":{"outbox":1,"audit":1,"message":"Payment verified. Fulfillment is reviewed separately."}}}
CASE {"case":"S6/F4 identical retry","result":{"status":200,"replayed":true,"verifications_paidEvents":"1/1","effects":{"outbox":1,"audit":1,"message":"Payment verified. Fulfillment is reviewed separately."}}}
CASE {"case":"F7-c verified paid","result":{"assistedOrderPage":{"status":"paid","paymentVerified":true,"current":"Payment verified","paidTimelineEntry":"Payment verified","actionRequiredShown":null},"statusRecovery":{"current":"Payment verified","timeline":["submitted","reviewing","Payment step paused","Payment review","Payment verified"]},"notification":"Payment verified. Fulfillment is reviewed separately."}}
CASE {"case":"S7/F2 verified paid -> supplier_processing via mounted route","result":{"status":200,"code":null,"requestStatus":"supplier_processing"}}
CASE {"case":"F7-d supplier_processing after VERIFIED paid","result":{"assistedOrderPage":{"status":"supplier_processing","paymentVerified":"(absent)","current":"[non-financial:supplier_processing]","paidTimelineEntry":"Payment record under review","actionRequiredShown":null},"statusRecovery":{"current":"Processing","timeline":["submitted","reviewing","Payment step paused","Payment review","Payment record under review","supplier_processing"]},"notification":"Payment verified. Fulfillment is reviewed separately."}}
CASE {"case":"S8/F4 verify replay after fulfillment progression","result":{"status":200,"state":"supplier_processing","replayed":true,"effects":{"outbox":1,"audit":1,"message":"Payment verified. Fulfillment is reviewed separately."}}}
CASE {"case":"H1/F2 historical paid (no verification) -> supplier_processing (HTTP)","result":{"status":409,"code":"payment_verification_not_ready","requestStatus":"paid"}}
CASE {"case":"H1b same at SQL","result":"REFUSED P0001 ASSISTED_ORDER_HISTORICAL_PAID_UNRESOLVED"}
CASE {"case":"H1c historical paid -> cancelled (HTTP)","result":{"status":409,"code":"payment_verification_not_ready"}}
CASE {"case":"F7-e historical paid label, no verification","result":{"assistedOrderPage":{"status":"paid","paymentVerified":false,"current":"Payment record under review","paidTimelineEntry":"Payment record under review","actionRequiredShown":null},"statusRecovery":{"current":"Payment record under review","timeline":["submitted","Payment record under review"]},"notification":null}}
CASE {"case":"F7-f historical supplier_processing that passed through UNVERIFIED paid","result":{"assistedOrderPage":{"status":"supplier_processing","paymentVerified":"(absent)","current":"[non-financial:supplier_processing]","paidTimelineEntry":"Payment record under review","actionRequiredShown":null},"statusRecovery":{"current":"Processing","timeline":["submitted","Payment record under review","supplier_processing"]},"notification":null}}
CASE {"case":"I1/F4 outbox outage after SQL paid commit","result":{"status":503,"code":"payment_verification_effects_pending","requestStatus":"paid","verifications_paidEvents":"1/1","effects":{"outbox":0,"audit":1,"message":null}}}
CASE {"case":"I2/F4 explicit admin retry repairs effects once","result":{"status":200,"replayed":true,"verifications_paidEvents":"1/1","effects":{"outbox":1,"audit":1,"message":"Payment verified. Fulfillment is reviewed separately."}}}
CASE {"case":"I2b/F4 further retry, no duplicate","result":{"status":200,"effects":{"outbox":1,"audit":1,"message":"Payment verified. Fulfillment is reviewed separately."}}}
CASE {"case":"I3/F4 audit outage after SQL paid commit (nobody retries yet)","result":{"status":503,"code":"payment_verification_effects_pending","requestStatus":"paid","effects":{"outbox":0,"audit":0,"message":null}}}
CASE {"case":"I4/F4 retry","result":{"status":200,"effects":{"outbox":1,"audit":1,"message":"Payment verified. Fulfillment is reviewed separately."}}}
CASE {"case":"F3-a wrong-amount observation, verify refused, governed correction","result":{"badObserve":201,"badVerify":[409,"payment_mismatch"],"correction":{"status":201,"code":null,"supersedes":true,"replayed":false}}}
CASE {"case":"F3-b correction replay / changed replay","result":{"replay":[201,true],"changed":[409,"financial_action_refused"]}}
CASE {"case":"F3-c verify superseded vs replacement","result":{"superseded":[409,"payment_mismatch"],"replacement":[200,"paid"],"verifications_paidEvents":"1/1","history":"2 observations, 1 corrections"}}
CASE {"case":"F3-d correct a VERIFIED observation","result":{"status":409,"code":"financial_action_refused"}}
CASE {"case":"F3-e owner UPDATE of verified observation (DB immutability)","result":"ERR ERROR:  Financial evidence is append only. | DETAIL:  ASSISTED_ORDER_FINANCIAL_EVIDENCE_IMMUTABLE"}
CASE {"case":"F3-f owner DELETE of correction row","result":"ERR ERROR:  Financial evidence is append only. | DETAIL:  ASSISTED_ORDER_FINANCIAL_EVIDENCE_IMMUTABLE"}
CASE {"case":"F3-g correction by a different granted admin / 2-char reason","result":{"otherAdmin":[403,"forbidden"],"shortReason":[500,"assisted_order_unavailable"]}}
CASE {"case":"F5-a same evidence on a second order through HTTP (permissive ledger)","result":{"first":201,"second":[409,"payment_evidence_reused"]}}
CASE {"case":"F5-b SQL alone, exact same evidence","result":"REFUSED P0001 ASSISTED_ORDER_PAYMENT_EVIDENCE_REUSED"}
CASE {"case":"F5-c SQL, surrounding whitespace","result":"REFUSED P0001 ASSISTED_ORDER_PAYMENT_EVIDENCE_REUSED"}
CASE {"case":"F5-d SQL, lowercase variant","result":"ACCEPTED"}
CASE {"case":"F5-e SQL, internal whitespace variant (fresh order)","result":"ACCEPTED"}
CASE {"case":"F5-f claim from a CORRECTED mis-assignment still blocks the rightful order","result":{"wrongOnA":"recorded","correctedOnA":"replacement recorded","rightfulOrderB":"REFUSED ASSISTED_ORDER_PAYMENT_EVIDENCE_REUSED"}}
CASE {"case":"C1 payment_pending, no observation -> cancel","result":200}
CASE {"case":"C2/F6 payment_review with observation -> cancel (HTTP free text)","result":{"status":409,"code":"financial_resolution_required","requestStatus":"payment_review"}}
CASE {"case":"C2b/F6 same at SQL","result":"REFUSED P0001 ASSISTED_ORDER_REFUND_AUTHORITY_NOT_READY"}
CASE {"case":"C2c/F6 observation recorded while still 'reviewing', then cancel from reviewing (HTTP)","result":{"observe":201,"status":409,"code":"financial_resolution_required","requestStatus":"reviewing"}}
CASE {"case":"C3/F6/F8 cancel verified supplier_processing order (HTTP)","result":{"status":409,"code":"financial_resolution_required"}}
CASE {"case":"C3b/F6 cancel verified PAID order (HTTP)","result":{"status":409,"code":"financial_resolution_required"}}
CASE {"case":"F9 different granted admin verifies (observer != verifier)","result":{"status":403,"code":"forbidden"}}
CASE {"case":"N11 guarded admin without grant verifies","result":{"status":403,"code":"forbidden"}}
CASE {"case":"N20 two concurrent identical verifies","result":{"a":[200,false],"b":[200,true],"verifications_paidEvents":"1/1","effects":{"outbox":1,"audit":1,"message":"Payment verified. Fulfillment is reviewed separately."},"rollbackDelta":2}}
CASE {"case":"N22 concurrent verify(original) vs correct(original)","result":{"verify":[200,null],"correct":[409,"financial_action_refused"],"verifications_paidEvents":"1/1","requestStatus":"paid"}}
CASE {"case":"F10-neg gateway admission of lookalike paths (member header only)","result":{"GET /api/research/early-access/assisted-orders/<REF>/quote/":"401 WALLED","GET /api/research/early-access/assisted-orders/<ref>/quote":"401 WALLED","GET /api/research/early-access/assisted-orders/<REF>/QUOTE":"401 WALLED","GET /api/research/early-access/assisted-orders/<REF>//quote":"401 WALLED","GET /api/research/early-access/assisted-orders/<REF>%2Fquote":"401 WALLED","POST /api/research/early-access/assisted-orders/<REF>/quote":"401 WALLED","GET /api/research/early-access/assisted-orders/<REF>/quote/accept":"401 WALLED","POST /api/research/early-access/assisted-orders/<REF>/quote/accept/x":"401 WALLED","POST /api/research/early-access/assisted-orders/<REF>/quote/accept/":"401 WALLED","GET /api/research/early-access/assisted-orders/<REF>/quote?x=1":"200","GET /api/research/early-access/assisted-orders/<REF>/quote/../quote":"200","PUT /api/research/early-access/assisted-orders/<REF>/quote/accept":"401 WALLED"}}
CASE {"case":"F10-own foreign member / no credential via gateway","result":{"foreignGet":404,"noCredGet":404,"foreignAccept":404}}
CASE {"case":"AUTH-01 SQL: unrelated member id on guest (NULL-owner) request","result":{"unrelatedMember":"NULL (refused)","wrongSession":"NULL (refused)","quoteState":"issued","ownerSession":"ACCEPTED new"}}
CASE {"case":"AUTH-01 HTTP: unrelated member via gateway","result":404}
CASE {"case":"SQL-01 forged provider observe + verify_bound as service_role, 0 grants involved","result":{"observe":"ACCEPTED observed_by=provider:anything","verify":"{\"state\":\"paid\",\"replayed\":false,\"requestId\":\"adfe8bb6-8503-4747-aa86-79f9b394af21\",\"verifiedAt\":\"2026-10-01T00:06:46.334051+00:00\",\"verifiedBy\":\"provider:anything\",\"verificationId\":\"fb0f114a-f017-440a-a36a-523e11b100db\"}","requestStatus":"paid","attemptTables":"none"}}
CASE {"case":"SQL-01 customer surfaces after the forged provider verification","result":{"assistedOrderPage":{"status":"paid","paymentVerified":true,"current":"Payment verified","paidTimelineEntry":"Payment verified","actionRequiredShown":null},"statusRecovery":{"current":"Payment verified","timeline":["submitted","reviewing","Payment step paused","Payment review","Payment verified"]},"notification":null}}
CASE {"case":"ACL anon","result":{"financial_state":"42501","by_reference":"42501","correct_manual":"42501"}}
CASE {"case":"ACL authenticated","result":{"financial_state":"42501","by_reference":"42501","correct_manual":"42501"}}
CASE {"case":"ACL direct table read as service_role (claims/corrections)","result":{"claims":"42501","corrections":"42501"}}
CASE {"case":"Z rollback delta for whole run","result":18}
