npm warn config production Use `--omit=dev` instead.

> rest-express@1.0.0 build
> node script/build.mjs

building client...
vite v7.3.5 building client environment for production...
transforming...
✓ 2246 modules transformed.
rendering chunks...
[plugin vite:reporter] 
(!) /tmp/xenios-build.lV7aerQS/client/src/research/pages/adminx/AdminResearchHome.tsx is dynamically imported by /tmp/xenios-build.lV7aerQS/client/src/research/adminx-section.tsx but also statically imported by /tmp/xenios-build.lV7aerQS/client/src/research/adminx-section.tsx, /tmp/xenios-build.lV7aerQS/client/src/research/pages/adminx/ActivationBridge.tsx, /tmp/xenios-build.lV7aerQS/client/src/research/pages/adminx/ActivationChecklist.tsx, /tmp/xenios-build.lV7aerQS/client/src/research/pages/adminx/ActivationQueue.tsx, /tmp/xenios-build.lV7aerQS/client/src/research/pages/adminx/ActivationReadiness.tsx, /tmp/xenios-build.lV7aerQS/client/src/research/pages/adminx/ActivationReconciliation.tsx, /tmp/xenios-build.lV7aerQS/client/src/research/pages/adminx/ApplicationDetail.tsx, /tmp/xenios-build.lV7aerQS/client/src/research/pages/adminx/Applications.tsx, /tmp/xenios-build.lV7aerQS/client/src/research/pages/adminx/Audit.tsx, /tmp/xenios-build.lV7aerQS/client/src/research/pages/adminx/BlueprintReview.tsx, /tmp/xenios-build.lV7aerQS/client/src/research/pages/adminx/Capabilities.tsx, /tmp/xenios-build.lV7aerQS/client/src/research/pages/adminx/CommerceQueues.tsx, /tmp/xenios-build.lV7aerQS/client/src/research/pages/adminx/EarlyAccessFulfillment.tsx, /tmp/xenios-build.lV7aerQS/client/src/research/pages/adminx/EarlyAccessPaymentReview.tsx, /tmp/xenios-build.lV7aerQS/client/src/research/pages/adminx/EarlyAccessReleases.tsx, /tmp/xenios-build.lV7aerQS/client/src/research/pages/adminx/EsignDocuments.tsx, /tmp/xenios-build.lV7aerQS/client/src/research/pages/adminx/Fulfillment.tsx, /tmp/xenios-build.lV7aerQS/client/src/research/pages/adminx/GuideAdminDetail.tsx, /tmp/xenios-build.lV7aerQS/client/src/research/pages/adminx/GuidesAdmin.tsx, /tmp/xenios-build.lV7aerQS/client/src/research/pages/adminx/InventoryLotsAdmin.tsx, /tmp/xenios-build.lV7aerQS/client/src/research/pages/adminx/LotCoasAdmin.tsx, /tmp/xenios-build.lV7aerQS/client/src/research/pages/adminx/MemberDetail.tsx, /tmp/xenios-build.lV7aerQS/client/src/research/pages/adminx/Members.tsx, /tmp/xenios-build.lV7aerQS/client/src/research/pages/adminx/OrderAdminDetail.tsx, /tmp/xenios-build.lV7aerQS/client/src/research/pages/adminx/OrdersAdmin.tsx, /tmp/xenios-build.lV7aerQS/client/src/research/pages/adminx/PartnerAdminDetail.tsx, /tmp/xenios-build.lV7aerQS/client/src/research/pages/adminx/PartnersAdmin.tsx, /tmp/xenios-build.lV7aerQS/client/src/research/pages/adminx/PlanDetail.tsx, /tmp/xenios-build.lV7aerQS/client/src/research/pages/adminx/Plans.tsx, /tmp/xenios-build.lV7aerQS/client/src/research/pages/adminx/PrivacyAdmin.tsx, /tmp/xenios-build.lV7aerQS/client/src/research/pages/adminx/ProductAdminDetail.tsx, /tmp/xenios-build.lV7aerQS/client/src/research/pages/adminx/ProductRequestAdminDetail.tsx, /tmp/xenios-build.lV7aerQS/client/src/research/pages/adminx/ProductRequestsAdmin.tsx, /tmp/xenios-build.lV7aerQS/client/src/research/pages/adminx/ProductsAdmin.tsx, /tmp/xenios-build.lV7aerQS/client/src/research/pages/adminx/QuestionAdminDetail.tsx, /tmp/xenios-build.lV7aerQS/client/src/research/pages/adminx/QuestionsAdmin.tsx, /tmp/xenios-build.lV7aerQS/client/src/research/pages/adminx/RequiredInputs.tsx, /tmp/xenios-build.lV7aerQS/client/src/research/pages/adminx/SecurityAdmin.tsx, /tmp/xenios-build.lV7aerQS/client/src/research/pages/adminx/Website3Configuration.tsx, dynamic import will not move module into another chunk.

computing gzip size...
../dist/public/assets/jetbrains-mono-cyrillic-ext-600-normal-Dj6eZy5f.woff2    1.16 kB
../dist/public/assets/jetbrains-mono-cyrillic-ext-500-normal-C9ShMxGR.woff2    1.17 kB
../dist/public/assets/jetbrains-mono-cyrillic-ext-600-normal-DVvC-yKp.woff     1.73 kB
../dist/public/assets/jetbrains-mono-cyrillic-ext-500-normal-CEVyPk4Y.woff     1.74 kB
../dist/public/assets/jetbrains-mono-vietnamese-600-normal-Dtizs43-.woff2      4.00 kB
../dist/public/assets/jetbrains-mono-vietnamese-500-normal-BvH7FW2L.woff2      4.04 kB
../dist/public/assets/jetbrains-mono-greek-500-normal-JpySY46c.woff2           4.28 kB
../dist/public/assets/jetbrains-mono-greek-600-normal-H7WoG9Et.woff2           4.31 kB
../dist/public/assets/inter-tight-vietnamese-900-normal-BOhvDLRK.woff2         4.93 kB
../dist/public/assets/inter-tight-vietnamese-500-normal-C7jl9LDK.woff2         5.03 kB
../dist/public/assets/inter-tight-vietnamese-600-normal-FGgebaLI.woff2         5.06 kB
../dist/public/assets/inter-tight-vietnamese-800-normal-OJoDhpMd.woff2         5.12 kB
../dist/public/assets/inter-tight-vietnamese-700-normal-Cn_DV52A.woff2         5.15 kB
../dist/public/assets/jetbrains-mono-cyrillic-500-normal-DmUKJPL_.woff2        5.36 kB
../dist/public/assets/jetbrains-mono-cyrillic-600-normal-EVf6-Yzo.woff2        5.38 kB
../dist/public/assets/inter-tight-greek-ext-900-normal-wxL47-fE.woff2          5.39 kB
../dist/public/assets/inter-tight-greek-ext-500-normal-Be7hKmpC.woff2          5.45 kB
../dist/public/assets/jetbrains-mono-vietnamese-600-normal-OWROknRo.woff       5.48 kB
../dist/public/assets/jetbrains-mono-vietnamese-500-normal-DNRqzVM1.woff       5.48 kB
../dist/public/assets/inter-tight-greek-ext-700-normal-D0RkHJEE.woff2          5.49 kB
../dist/public/assets/inter-tight-greek-ext-600-normal-CiDI6ET5.woff2          5.51 kB
../dist/public/assets/inter-tight-greek-ext-800-normal-DNWjXg9N.woff2          5.52 kB
../dist/public/assets/jetbrains-mono-greek-600-normal-mc2nkWzM.woff            5.70 kB
../dist/public/assets/jetbrains-mono-greek-500-normal-D7SFKleX.woff            5.72 kB
../dist/public/index.html                                                      6.24 kB │ gzip:   1.82 kB
../dist/public/assets/inter-tight-vietnamese-900-normal-BzyaF6D1.woff          6.62 kB
../dist/public/assets/inter-tight-vietnamese-500-normal-CO4EMNTO.woff          6.69 kB
../dist/public/assets/inter-tight-vietnamese-600-normal-BCXZ1BbA.woff          6.74 kB
../dist/public/assets/inter-tight-vietnamese-800-normal-CbYrLkxo.woff          6.74 kB
../dist/public/assets/inter-tight-vietnamese-700-normal-DwHBAXeT.woff          6.76 kB
../dist/public/assets/inter-tight-cyrillic-900-normal-DQyl4dKK.woff2           6.89 kB
../dist/public/assets/inter-tight-cyrillic-600-normal-BERwQ0yl.woff2           6.98 kB
../dist/public/assets/inter-tight-cyrillic-700-normal-DtWWjp29.woff2           6.99 kB
../dist/public/assets/inter-tight-cyrillic-800-normal-CC_RRmyd.woff2           7.00 kB
../dist/public/assets/jetbrains-mono-cyrillic-600-normal-8K4wrrwR.woff         7.02 kB
../dist/public/assets/jetbrains-mono-cyrillic-500-normal-DJqRU3vO.woff         7.02 kB
../dist/public/assets/inter-tight-cyrillic-500-normal-5ykfyGeh.woff2           7.09 kB
../dist/public/assets/inter-tight-greek-ext-500-normal-BEGGcu3x.woff           7.25 kB
../dist/public/assets/inter-tight-greek-ext-600-normal-5gKW7MDU.woff           7.30 kB
../dist/public/assets/inter-tight-greek-ext-700-normal-mW3dmpoD.woff           7.30 kB
../dist/public/assets/inter-tight-greek-ext-900-normal-BkFPiXz8.woff           7.36 kB
../dist/public/assets/inter-tight-greek-ext-800-normal-DfP-QoiQ.woff           7.40 kB
../dist/public/assets/jetbrains-mono-latin-ext-600-normal-BfB_LPfz.woff2       7.51 kB
../dist/public/assets/jetbrains-mono-latin-ext-500-normal-Cut-4mMH.woff2       7.53 kB
../dist/public/assets/inter-tight-cyrillic-900-normal-BB7BsRn9.woff            8.76 kB
../dist/public/assets/inter-tight-cyrillic-800-normal-ChWbk4mt.woff            8.90 kB
../dist/public/assets/inter-tight-cyrillic-600-normal-BeTasGgk.woff            8.90 kB
../dist/public/assets/inter-tight-cyrillic-500-normal-CRXauZSq.woff            8.92 kB
../dist/public/assets/inter-tight-greek-700-normal-RgALSHS4.woff2              8.92 kB
../dist/public/assets/inter-tight-greek-500-normal-kave9HZE.woff2              8.94 kB
../dist/public/assets/inter-tight-cyrillic-700-normal-DDZiLR3d.woff            8.94 kB
../dist/public/assets/inter-tight-greek-800-normal-X9eW6L67.woff2              8.95 kB
../dist/public/assets/inter-tight-greek-600-normal-BIqmcc-q.woff2              8.99 kB
../dist/public/assets/inter-tight-greek-900-normal-BlRasW-P.woff2              8.99 kB
../dist/public/assets/jetbrains-mono-latin-ext-600-normal-DObL3zCW.woff       10.32 kB
../dist/public/assets/jetbrains-mono-latin-ext-500-normal-ckzbgY84.woff       10.34 kB
../dist/public/assets/inter-tight-cyrillic-ext-900-normal-D2HnBArf.woff2      10.46 kB
../dist/public/assets/inter-tight-cyrillic-ext-600-normal-B4SKDMEv.woff2      10.49 kB
../dist/public/assets/inter-tight-cyrillic-ext-700-normal-D_7NT8eF.woff2      10.51 kB
../dist/public/assets/inter-tight-cyrillic-ext-500-normal-BZAF-_VI.woff2      10.52 kB
../dist/public/assets/inter-tight-cyrillic-ext-800-normal-CzCOBUhR.woff2      10.62 kB
../dist/public/assets/inter-tight-greek-500-normal-Ca-cFdRH.woff              11.14 kB
../dist/public/assets/inter-tight-greek-600-normal-67HAlfW-.woff              11.17 kB
../dist/public/assets/inter-tight-greek-900-normal-Whngmt0q.woff              11.18 kB
../dist/public/assets/inter-tight-greek-700-normal-DU8XoIeX.woff              11.21 kB
../dist/public/assets/inter-tight-greek-800-normal-CxHmUlv4.woff              11.22 kB
../dist/public/assets/inter-tight-cyrillic-ext-900-normal-DFYsuKtp.woff       13.71 kB
../dist/public/assets/inter-tight-cyrillic-ext-500-normal-Dy1ZB9JY.woff       13.76 kB
../dist/public/assets/inter-tight-cyrillic-ext-600-normal-_3ga77Eo.woff       13.84 kB
../dist/public/assets/inter-tight-cyrillic-ext-800-normal-WowoGRZX.woff       13.86 kB
../dist/public/assets/inter-tight-cyrillic-ext-700-normal-BFcoPt71.woff       13.87 kB
../dist/public/assets/jetbrains-mono-latin-500-normal-BWZEU5yA.woff2          21.83 kB
../dist/public/assets/jetbrains-mono-latin-600-normal-C8RAYTDA.woff2          21.86 kB
../dist/public/assets/inter-tight-latin-900-normal-CsycwHi3.woff2             22.20 kB
../dist/public/assets/inter-tight-latin-500-normal-BFXNXuvF.woff2             22.62 kB
../dist/public/assets/inter-tight-latin-600-normal-BgSTtRxb.woff2             22.66 kB
../dist/public/assets/inter-tight-latin-800-normal-CRGCHRPv.woff2             22.70 kB
../dist/public/assets/inter-tight-latin-700-normal-BZKd_v_8.woff2             22.75 kB
../dist/public/assets/jetbrains-mono-latin-600-normal-BfsvjouI.woff           28.18 kB
../dist/public/assets/jetbrains-mono-latin-500-normal-CJOVTJB7.woff           28.21 kB
../dist/public/assets/inter-tight-latin-900-normal-D-ilywrK.woff              28.47 kB
../dist/public/assets/inter-tight-latin-500-normal-pobXraBK.woff              28.94 kB
../dist/public/assets/inter-tight-latin-800-normal-D2te1T7i.woff              29.04 kB
../dist/public/assets/inter-tight-latin-600-normal-D7bG6gX1.woff              29.05 kB
../dist/public/assets/inter-tight-latin-700-normal-DvYAVZQd.woff              29.06 kB
../dist/public/assets/inter-tight-latin-ext-900-normal-CRvdXIc8.woff2         37.24 kB
../dist/public/assets/inter-tight-latin-ext-500-normal-D3akd6m-.woff2         37.73 kB
../dist/public/assets/inter-tight-latin-ext-600-normal-BgMgWFts.woff2         37.90 kB
../dist/public/assets/inter-tight-latin-ext-700-normal-BpKPOkj3.woff2         37.91 kB
../dist/public/assets/inter-tight-latin-ext-800-normal-DfKN99cy.woff2         38.00 kB
../dist/public/assets/inter-tight-latin-ext-900-normal-CibZOeMa.woff          50.17 kB
../dist/public/assets/inter-tight-latin-ext-500-normal-_hLDZz_3.woff          50.89 kB
../dist/public/assets/inter-tight-latin-ext-800-normal-A39zhqaD.woff          51.13 kB
../dist/public/assets/inter-tight-latin-ext-700-normal-CrlzIQ10.woff          51.14 kB
../dist/public/assets/inter-tight-latin-ext-600-normal-BvYdOF2O.woff          51.19 kB
../dist/public/assets/AccountOverview-CUwxuLyl.css                             1.88 kB │ gzip:   0.66 kB
../dist/public/assets/quality-BRyQwagB.css                                     3.37 kB │ gzip:   1.11 kB
../dist/public/assets/components-Cfq3KlQw.css                                  3.44 kB │ gzip:   1.12 kB
../dist/public/assets/resource-Cqq4fkzz.css                                    7.38 kB │ gzip:   1.95 kB
../dist/public/assets/assisted-order-bksNl7f_.css                             11.40 kB │ gzip:   2.73 kB
../dist/public/assets/section-BJpWMh_d.css                                    22.76 kB │ gzip:   5.34 kB
../dist/public/assets/index-76789hrx.css                                     125.65 kB │ gzip:  21.91 kB
../dist/public/assets/fixtures-BnWoyHzs.js                                     0.07 kB │ gzip:   0.08 kB
../dist/public/assets/product-request-sources-B3jGpvE_.js                      0.17 kB │ gzip:   0.16 kB
../dist/public/assets/api-DFkiMi6w.js                                          0.36 kB │ gzip:   0.28 kB
../dist/public/assets/early-access-quantity-w_7J3H7P.js                        0.38 kB │ gzip:   0.26 kB
../dist/public/assets/product-requests-rzkuSvMp.js                             0.56 kB │ gzip:   0.36 kB
../dist/public/assets/billing-presentation-CK2Z1ScJ.js                         0.64 kB │ gzip:   0.29 kB
../dist/public/assets/AccountInterests-BbboseYA.js                             0.66 kB │ gzip:   0.42 kB
../dist/public/assets/useCatalogQueryState-ChrRTAD0.js                         0.80 kB │ gzip:   0.40 kB
../dist/public/assets/QualityNav-DP3w2_wE.js                                   0.93 kB │ gzip:   0.54 kB
../dist/public/assets/shared-CVFe8-n9.js                                       0.98 kB │ gzip:   0.53 kB
../dist/public/assets/member-platform-CD2y5EVS.js                              1.09 kB │ gzip:   0.52 kB
../dist/public/assets/esign-B1sYqnSq.js                                        1.12 kB │ gzip:   0.58 kB
../dist/public/assets/activation-C5CjV4IX.js                                   1.15 kB │ gzip:   0.49 kB
../dist/public/assets/inventory-admin-C7Bny4Uh.js                              1.16 kB │ gzip:   0.51 kB
../dist/public/assets/commerce-CUS7lMtW.js                                     1.18 kB │ gzip:   0.44 kB
../dist/public/assets/productRequests-bkq8hHZY.js                              1.28 kB │ gzip:   0.60 kB
../dist/public/assets/LotLookupForm-DZoLD8MG.js                                1.30 kB │ gzip:   0.82 kB
../dist/public/assets/api-CiqsOd3K.js                                          1.32 kB │ gzip:   0.60 kB
../dist/public/assets/Leads-C4QsXF0y.js                                        1.37 kB │ gzip:   0.73 kB
../dist/public/assets/Conversions-DcN7w9v_.js                                  1.51 kB │ gzip:   0.77 kB
../dist/public/assets/storage-D5CcWyXs.js                                      1.57 kB │ gzip:   0.71 kB
../dist/public/assets/GuideAdminDetail-BYwE3WGv.js                             1.85 kB │ gzip:   0.93 kB
../dist/public/assets/GuidesAdmin-DTl5LSMD.js                                  1.87 kB │ gzip:   0.98 kB
../dist/public/assets/Resources-Bn3FpUCs.js                                    1.87 kB │ gzip:   0.97 kB
../dist/public/assets/Goals-DdkpSfc2.js                                        1.89 kB │ gzip:   0.93 kB
../dist/public/assets/products-diagnostics-BJ6QwjEY.js                         1.91 kB │ gzip:   0.71 kB
../dist/public/assets/AccountSecurity-B1JktPXj.js                              2.04 kB │ gzip:   0.86 kB
../dist/public/assets/PlanDetail-B8if11Fd.js                                   2.36 kB │ gzip:   1.03 kB
../dist/public/assets/ResearchContact-CchICIzS.js                              2.37 kB │ gzip:   1.10 kB
../dist/public/assets/ActivationReadiness-CgcBiuGb.js                          2.46 kB │ gzip:   1.12 kB
../dist/public/assets/QuestionsAdmin-BwGYBqdS.js                               2.47 kB │ gzip:   1.27 kB
../dist/public/assets/AccountProfile-wl1aTtgJ.js                               2.49 kB │ gzip:   0.86 kB
../dist/public/assets/partner-BUWKRXGP.js                                      2.49 kB │ gzip:   0.80 kB
../dist/public/assets/Support-FYuYTGM-.js                                      2.51 kB │ gzip:   1.10 kB
../dist/public/assets/productAdmin-DQn_3io0.js                                 2.59 kB │ gzip:   1.10 kB
../dist/public/assets/Plans-P5e_bvMD.js                                        2.64 kB │ gzip:   1.25 kB
../dist/public/assets/InterestsView-BzVlhhaQ.js                                2.69 kB │ gzip:   1.08 kB
../dist/public/assets/OrdersAdmin-C5JODq4i.js                                  2.71 kB │ gzip:   1.35 kB
../dist/public/assets/Payouts-Cb1GoaNe.js                                      2.73 kB │ gzip:   1.18 kB
../dist/public/assets/Applications-AjzgJM1u.js                                 2.75 kB │ gzip:   1.40 kB
../dist/public/assets/ActivationChecklist-xR_4qbuK.js                          2.76 kB │ gzip:   1.27 kB
../dist/public/assets/AssistedOrderConfirmationPage-ygFfUhM5.js                2.84 kB │ gzip:   1.04 kB
../dist/public/assets/Members-CRTdp_nU.js                                      2.88 kB │ gzip:   1.44 kB
../dist/public/assets/OrderAdminDetail-_1ybS9Z6.js                             2.96 kB │ gzip:   1.18 kB
../dist/public/assets/LegalPage-Bb9N-k7B.js                                    2.98 kB │ gzip:   1.35 kB
../dist/public/assets/PartnerAdminDetail-nLk6QvDk.js                           3.01 kB │ gzip:   1.18 kB
../dist/public/assets/Security-CqO8vagg.js                                     3.11 kB │ gzip:   1.45 kB
../dist/public/assets/guides-iMzVmSAH.js                                       3.17 kB │ gzip:   1.17 kB
../dist/public/assets/Xenios90-CIyHYQSH.js                                     3.20 kB │ gzip:   1.39 kB
../dist/public/assets/content-BF-RhI78.js                                      3.22 kB │ gzip:   1.47 kB
../dist/public/assets/AccountDocuments-D09ImbfQ.js                             3.28 kB │ gzip:   1.36 kB
../dist/public/assets/Training-CDi5cyXE.js                                     3.28 kB │ gzip:   1.40 kB
../dist/public/assets/Audit-ZyV-fZyk.js                                        3.30 kB │ gzip:   1.25 kB
../dist/public/assets/Commissions-0rXnNIku.js                                  3.31 kB │ gzip:   1.46 kB
../dist/public/assets/api-CaxOHgwE.js                                          3.31 kB │ gzip:   1.26 kB
../dist/public/assets/PoliciesIndex-DuCYtB3y.js                                3.31 kB │ gzip:   1.30 kB
../dist/public/assets/MemberDetail-75bSPAi8.js                                 3.36 kB │ gzip:   1.38 kB
../dist/public/assets/Blueprint-BQvWsVLu.js                                    3.39 kB │ gzip:   1.37 kB
../dist/public/assets/PrivacyAdmin-BKk2zWWi.js                                 3.40 kB │ gzip:   1.32 kB
../dist/public/assets/ActivationReconciliation-B8NHSl2v.js                     3.43 kB │ gzip:   1.61 kB
../dist/public/assets/Capabilities-_HdLSO-c.js                                 3.49 kB │ gzip:   1.52 kB
../dist/public/assets/Orders-DaibZMSA.js                                       3.57 kB │ gzip:   1.64 kB
../dist/public/assets/commerce-presentation-D7Ola5Oz.js                        3.72 kB │ gzip:   1.41 kB
../dist/public/assets/Landing-pvyJ3AUk.js                                      3.76 kB │ gzip:   1.59 kB
../dist/public/assets/AccountCare-CqPZn1RH.js                                  3.85 kB │ gzip:   1.26 kB
../dist/public/assets/Profile-WG5i1E-v.js                                      3.94 kB │ gzip:   1.46 kB
../dist/public/assets/CareConsentPendingPage-BE3HSORF.js                       3.98 kB │ gzip:   1.54 kB
../dist/public/assets/CarePrescriptionsPage-BXu3KCk6.js                        3.99 kB │ gzip:   1.53 kB
../dist/public/assets/wizard-state-DOGmoz4J.js                                 4.00 kB │ gzip:   1.51 kB
../dist/public/assets/Documents-D8W_PKrF.js                                    4.03 kB │ gzip:   1.63 kB
../dist/public/assets/Onboarding-Cmz-4BWU.js                                   4.06 kB │ gzip:   1.51 kB
../dist/public/assets/Campaigns-E7ljujBM.js                                    4.17 kB │ gzip:   1.69 kB
../dist/public/assets/QuestionAdminDetail-CLp3Wc54.js                          4.23 kB │ gzip:   1.82 kB
../dist/public/assets/Links-8AYC1iZC.js                                        4.25 kB │ gzip:   1.67 kB
../dist/public/assets/Support-B2191kBT.js                                      4.41 kB │ gzip:   1.59 kB
../dist/public/assets/MemberAccessState-YOsB-0-y.js                            4.44 kB │ gzip:   1.36 kB
../dist/public/assets/Security-BIi67Nv6.js                                     4.44 kB │ gzip:   1.71 kB
../dist/public/assets/SupplierAccess-cw5F1mzL.js                               4.46 kB │ gzip:   1.84 kB
../dist/public/assets/AboutResearch-B5DHquae.js                                4.49 kB │ gzip:   1.68 kB
../dist/public/assets/Events-DeHjjspr.js                                       4.55 kB │ gzip:   1.78 kB
../dist/public/assets/AdminAssistedOrderQueue-vWQI9V-f.js                      4.57 kB │ gzip:   1.61 kB
../dist/public/assets/ResearchDocuments-D43Vwm8H.js                            4.67 kB │ gzip:   1.94 kB
../dist/public/assets/Dashboard-CImBijCu.js                                    4.79 kB │ gzip:   1.98 kB
../dist/public/assets/pricing-contract-uttj57cf.js                             4.81 kB │ gzip:   2.11 kB
../dist/public/assets/AccountOrderDetail-Clh67zc8.js                           5.08 kB │ gzip:   1.55 kB
../dist/public/assets/Organizations-19Bmh7c7.js                                5.13 kB │ gzip:   1.89 kB
../dist/public/assets/OrganizationAccessPage-Cia0Yjfn.js                       5.30 kB │ gzip:   2.08 kB
../dist/public/assets/ProductRequestsAdmin-C7GysO1Z.js                         5.45 kB │ gzip:   2.05 kB
../dist/public/assets/AccountSubscription-Dl6ba3t7.js                          5.52 kB │ gzip:   1.73 kB
../dist/public/assets/EarlyAccessPaymentReview-CcZYLrQ0.js                     5.52 kB │ gzip:   2.18 kB
../dist/public/assets/Dashboard-Cfh1KAzG.js                                    5.59 kB │ gzip:   2.15 kB
../dist/public/assets/Quality-UZMyGNnp.js                                      5.61 kB │ gzip:   2.28 kB
../dist/public/assets/integration-packet-00cbGIQb.js                           5.62 kB │ gzip:   1.90 kB
../dist/public/assets/DocumentCenter-aJTRujPN.js                               5.70 kB │ gzip:   2.14 kB
../dist/public/assets/HowItWorks-CoceAyKB.js                                   5.71 kB │ gzip:   2.16 kB
../dist/public/assets/Testing-DhK_4Bkw.js                                      5.77 kB │ gzip:   2.24 kB
../dist/public/assets/Apply-9A2pHo1X.js                                        5.77 kB │ gzip:   2.31 kB
../dist/public/assets/AssistedOrderStatusPage-BN63-cAJ.js                      6.24 kB │ gzip:   2.28 kB
../dist/public/assets/GoalDetail-EV2VktiS.js                                   6.26 kB │ gzip:   2.05 kB
../dist/public/assets/Compliance-CNvII6wk.js                                   6.30 kB │ gzip:   2.45 kB
../dist/public/assets/AccessHub-B7jjWcUp.js                                    6.50 kB │ gzip:   2.34 kB
../dist/public/assets/EligibilityPendingPage-B932BeUq.js                       6.52 kB │ gzip:   2.52 kB
../dist/public/assets/ProductPage-DZvwgwss.js                                  6.63 kB │ gzip:   2.46 kB
../dist/public/assets/AdminAssistedOrderDetail-DhMjXUhX.js                     6.75 kB │ gzip:   2.27 kB
../dist/public/assets/KrisPrice-xLhGcoQC.js                                    6.88 kB │ gzip:   2.51 kB
../dist/public/assets/BlueprintReview-BoCWY30w.js                              6.93 kB │ gzip:   2.35 kB
../dist/public/assets/member-BF1WQXrX.js                                       7.13 kB │ gzip:   2.47 kB
../dist/public/assets/ProductsAdmin-CH3vJroU.js                                7.19 kB │ gzip:   2.65 kB
../dist/public/assets/ProductRequests-D9lsR19K.js                              7.23 kB │ gzip:   2.59 kB
../dist/public/assets/AccountSupport-Csmx_6rB.js                               7.24 kB │ gzip:   2.53 kB
../dist/public/assets/Guides-BcBrZ4Ov.js                                       7.49 kB │ gzip:   2.62 kB
../dist/public/assets/core-BoI_ZULd.js                                         7.57 kB │ gzip:   3.03 kB
../dist/public/assets/NewProductRequest-DvYv5nPE.js                            7.62 kB │ gzip:   2.80 kB
../dist/public/assets/Products-CGHqRMgo.js                                     7.72 kB │ gzip:   2.76 kB
../dist/public/assets/Cart-BgE0oEob.js                                         7.72 kB │ gzip:   2.55 kB
../dist/public/assets/AffiliateAccessPage-B3Aw68Bj.js                          7.72 kB │ gzip:   2.76 kB
../dist/public/assets/Xenios30-DeAc_34T.js                                     7.73 kB │ gzip:   2.51 kB
../dist/public/assets/GuideReader-CmcDCxzj.js                                  7.91 kB │ gzip:   2.78 kB
../dist/public/assets/PartnersAdmin-BOdR-SRX.js                                8.01 kB │ gzip:   2.85 kB
../dist/public/assets/AccountOrders-covIdG0K.js                                8.12 kB │ gzip:   2.27 kB
../dist/public/assets/ProductRequestAdminDetail-AAP94vzJ.js                    8.24 kB │ gzip:   2.81 kB
../dist/public/assets/CarePharmacyOrdersPage-DzholWLs.js                       8.33 kB │ gzip:   2.60 kB
../dist/public/assets/ReferralsUpgrade-3qv5oxrB.js                             8.40 kB │ gzip:   3.09 kB
../dist/public/assets/CareAppointmentsPage-BB1vrARq.js                         8.89 kB │ gzip:   2.76 kB
../dist/public/assets/EsignDocuments-B15cq4SL.js                               8.91 kB │ gzip:   2.76 kB
../dist/public/assets/Tracker-B8D06DX2.js                                      9.13 kB │ gzip:   3.40 kB
../dist/public/assets/Faq-vz0IzCrA.js                                          9.26 kB │ gzip:   3.62 kB
../dist/public/assets/KrisCatalogRoute-DHlfGPci.js                             9.33 kB │ gzip:   3.00 kB
../dist/public/assets/Questions-BeAguB-F.js                                    9.47 kB │ gzip:   3.37 kB
../dist/public/assets/EarlyAccessReleases-B74GKVmd.js                          9.47 kB │ gzip:   3.11 kB
../dist/public/assets/InventoryLotsAdmin-C8En-sks.js                           9.55 kB │ gzip:   2.88 kB
../dist/public/assets/SecurityAdmin-DrGsajG-.js                                9.62 kB │ gzip:   3.21 kB
../dist/public/assets/PrivacyControls-HBrJ4l-Z.js                              9.75 kB │ gzip:   3.27 kB
../dist/public/assets/Website3Configuration-DnEK-Tas.js                        9.88 kB │ gzip:   2.94 kB
../dist/public/assets/ApplicationDetail-C4EF__u9.js                           10.20 kB │ gzip:   3.42 kB
../dist/public/assets/resource-4ScER8Dm.js                                    10.48 kB │ gzip:   3.98 kB
../dist/public/assets/RequiredInputState-BpqT1yru.js                          10.51 kB │ gzip:   3.19 kB
../dist/public/assets/KrisProductRoute-vwe3QeWl.js                            10.71 kB │ gzip:   3.37 kB
../dist/public/assets/OrderDetail-DqTE4lqq.js                                 10.77 kB │ gzip:   3.44 kB
../dist/public/assets/LotVerification-VPEsP4L5.js                             10.82 kB │ gzip:   3.90 kB
../dist/public/assets/MembershipPage-DU-HPGPA.js                              11.28 kB │ gzip:   3.62 kB
../dist/public/assets/EarlyAccessFulfillment-CSd7ZkAi.js                      11.49 kB │ gzip:   3.70 kB
../dist/public/assets/SubscriptionsPage-4HDlevFU.js                           11.69 kB │ gzip:   3.66 kB
../dist/public/assets/FullCatalogProductRoute-CzFAu2Qv.js                     13.12 kB │ gzip:   4.22 kB
../dist/public/assets/CommerceQueues-BWQFdYsw.js                              14.10 kB │ gzip:   4.65 kB
../dist/public/assets/LotCoasAdmin-C6KQT5E8.js                                14.46 kB │ gzip:   4.74 kB
../dist/public/assets/Checkout-naKkBbjo.js                                    14.60 kB │ gzip:   4.50 kB
../dist/public/assets/Assessment-D3kQQcLW.js                                  14.83 kB │ gzip:   5.05 kB
../dist/public/assets/goals-data-2hIkChtg.js                                  14.93 kB │ gzip:   5.32 kB
../dist/public/assets/Fulfillment-DnGyvRkc.js                                 15.27 kB │ gzip:   4.81 kB
../dist/public/assets/memberCatalog-CBLgik7I.js                               15.31 kB │ gzip:   4.33 kB
../dist/public/assets/components-Bg1BunYI.js                                  16.73 kB │ gzip:   5.17 kB
../dist/public/assets/FullCatalogRoute-Q56yNJXS.js                            17.84 kB │ gzip:   5.20 kB
../dist/public/assets/AccountOverview-D0tDD5yf.js                             18.13 kB │ gzip:   5.08 kB
../dist/public/assets/RequiredInputs-FHn5PEJr.js                              19.33 kB │ gzip:   5.44 kB
../dist/public/assets/ProductAdminDetail-C5QOOcpg.js                          20.57 kB │ gzip:   5.54 kB
../dist/public/assets/ActivationBridge-B5JXd6Y-.js                            20.68 kB │ gzip:   5.12 kB
../dist/public/assets/ActivationQueue-CJ2hKhzX.js                             21.41 kB │ gzip:   5.95 kB
../dist/public/assets/AssistedOrderPage-CDCzKdu4.js                           27.73 kB │ gzip:   7.73 kB
../dist/public/assets/EarlyAccessCheckoutJourney-BLZ2P1Qy.js                  32.40 kB │ gzip:   9.24 kB
../dist/public/assets/adminx-section-C_Wb6Pgw.js                              33.17 kB │ gzip:   9.00 kB
../dist/public/assets/Admin-Ck4L3k1d.js                                       36.83 kB │ gzip:   8.67 kB
../dist/public/assets/Website3Surfaces-CnLZa1xS.js                            37.73 kB │ gzip:  10.14 kB
../dist/public/assets/section-6tGRdav7.js                                     39.69 kB │ gzip:  10.82 kB
../dist/public/assets/ActivationPage-Cvn01OWW.js                              63.20 kB │ gzip:  17.57 kB
../dist/public/assets/section-CdUY12dF.js                                     81.86 kB │ gzip:  19.91 kB
../dist/public/assets/EarlyAccessRoute-DLGIqgbB.js                            92.36 kB │ gzip:  24.62 kB
../dist/public/assets/kit-4qG2MqcC.js                                         93.74 kB │ gzip:  23.64 kB
../dist/public/assets/supabaseBrowser-CrLs_1Iu.js                            211.39 kB │ gzip:  55.30 kB
../dist/public/assets/index-DX73w30U.js                                      502.03 kB │ gzip: 150.68 kB

(!) Some chunks are larger than 500 kB after minification. Consider:
- Using dynamic import() to code-split the application
- Use build.rollupOptions.output.manualChunks to improve chunking: https://rollupjs.org/configuration-options/#output-manualchunks
- Adjust chunk size limit for this warning via build.chunkSizeWarningLimit.
✓ built in 9.39s
building server...

  dist/index.cjs  1.6mb ⚠️

⚡ Done in 247ms
BUILD_FONT_ASSETS=94
BUILD_DATA_FONT_CSS_FILES=0
